// Jest Snapshot v1, https://goo.gl/fbAQLP

exports[`test App  renders correctly 1`] = `
<div>
  <div
    className="RAContainer"
  >
    <h1>
      Related Artists
    </h1>
    <div
      id="panel panel-default"
    >
      <div
        id="panel-body"
      >
        <relatedArtist
          relatedArtists={Array []}
        />
      </div>
      <div
        class="panel-footer"
        className="RAbutton"
      >
        <button
          onClick={[Function]}
        >
          More Artists
        </button>
      </div>
    </div>
  </div>
</div>
`;
